// Jest Snapshot v1, https://goo.gl/fbAQLP

exports[`Content should render the content 1`] = `
<DocumentFragment>
  <div
    class="contents"
  >
    <div
      class="content-heading"
    >
      <h1>
        Content Types
      </h1>
    </div>
    <div
      class="content-body"
    >
      <div
        class="content-list"
      />
      <div
        class="content-builder"
      />
    </div>
  </div>
</DocumentFragment>
`;
